P1_INCP_TYPE;
P1_INCP_TYPE;
P1_INCP_TYPE;
P1_INCP_TYPE;
P1_INCP_TYPE;
