P1_UNKNOWN_DEC;
P1_REDEC;
P1_UNKNOWN_DEC;
P1_UNKNOWN_DEC;
P1_UNKNOWN_DEC;
P1_REDEC;
P1_UNKNOWN_ARRAY_DEC;
P1_UNKNOWN_ARRAY_DEC;
P1_UNKNOWN_ARRAY_DEC;
P1_UNKNOWN_DEC;
P1_UNKNOWN_STRUCT_DEC;
P1_UNKNOWN_DEC;
P1_UNKNOWN_DEC;
